[?25l[?2004h                                                                                                    
                                                                                                    
                                                                                                    
                                                                                                    
                                                                                                    
                                                                                                    
                                                                                                    
                                                                                                    
              ╭──────────────────────────────────────────────────────────────────────╮              
              │                                                                      │              
              │  Orphaned Units Detected                                             │              
              │                                                                      │              
              │  Select a unit to manage:                                            │              
              │                                                                      │              
              │  > rclone-mount-old1.service [mount]                                 │              
              │    rclone-sync-old2.timer [sync]                                     │              
              │                                                                      │              
              │  [↑/k↓/j] Navigate  [Enter] Select  [s] Skip  [d] Dismiss all        │              
              │  [q/Esc] Close                                                       │              
              │                                                                      │              
              ╰──────────────────────────────────────────────────────────────────────╯              
                                                                                                    
                                                                                                    
                                                                                                    
                                                                                                    
                                                                                                    
                                                                                                    
                                                                                                    
                                                                                                    
                                                                                                    [100D[2K[?2004l[?25h[?1002l[?1003l[?1006l