 Rclone Mount Sync                                      vdev  [?] Help  [q] Quit
                                                                                
  Main Menu                                                                     
                                                                                
             ▸ [M] Mount Management                                             
      Configure and manage rclone mount points                                  
              [S] Sync Job Management                                           
    Configure and schedule rclone sync operations                               
                 [V] Service Status                                             
          View and control systemd services                                     
                    [T] Settings                                                
              Application configuration                                         
                      [Q] Quit                                                  
                Exit the application                                            
                                                                                
                                                                                
 ↑/↓ navigate...                                                                
                                                                                
                                                                                
                                                                                
                                                                                
                                                                                
                                                                                
                                                                                
                                                                                
                                                                                
                                                                                
                                                                                
                                                                                
                                                                                
                                                                                
                                                                                
                                                                                
                                                                                
                                                                                
                                                                                
                                                                                
                                                                                
                                                                                
                                                                                
                                                                                
                                                                                
                                                                                
                                                                                
                                                                                
                                                                                
                                                                                
                                                                                
                                                                                
                                                                                
                                                                                
                                                                                
                                                                                
                                                                                
                                                                                
                                                                                
                                                                                
                                                                                
                                                                                
 Screen: Main Menu | ?: Help | q: Quit                                          