                                                                                
                                                                                
                                                                                
                                                                                
                                                                                
    ╭──────────────────────────────────────────────────────────────────────╮    
    │                                                                      │    
    │  Orphaned Units Detected                                             │    
    │                                                                      │    
    │  Select a unit to manage:                                            │    
    │                                                                      │    
    │  > rclone-mount-old1.service []                                      │    
    │    rclone-sync-old2.timer []                                         │    
    │                                                                      │    
    │  [↑/k↓/j] Navigate  [Enter] Select  [s] Skip  [d] Dismiss all        │    
    │  [q/Esc] Close                                                       │    
    │                                                                      │    
    ╰──────────────────────────────────────────────────────────────────────╯    
                                                                                
                                                                                
                                                                                
                                                                                
                                                                                
                                                                                